\BOOKMARK [1][-]{section.1}{\376\377\225\356\230\230\221\315\217\360}{}% 1
\BOOKMARK [2][-]{subsection.1.1}{\376\377\225\356\230\230\200\314\146\157}{section.1}% 2
\BOOKMARK [2][-]{subsection.1.2}{\376\377\225\356\230\230\211\201\154\102}{section.1}% 3
\BOOKMARK [1][-]{section.2}{\376\377\225\356\230\230\122\006\147\220}{}% 4
\BOOKMARK [2][-]{subsection.2.1}{\376\377\225\356\230\230\116\000\166\204\122\006\147\220}{section.2}% 5
\BOOKMARK [2][-]{subsection.2.2}{\376\377\225\356\230\230\116\214\166\204\122\006\147\220}{section.2}% 6
\BOOKMARK [2][-]{subsection.2.3}{\376\377\225\356\230\230\116\011\166\204\122\006\147\220}{section.2}% 7
\BOOKMARK [2][-]{subsection.2.4}{\376\377\225\356\230\230\126\333\166\204\122\006\147\220}{section.2}% 8
\BOOKMARK [1][-]{section.3}{\376\377\152\041\127\213\120\107\213\276}{}% 9
\BOOKMARK [1][-]{section.4}{\376\377\173\046\123\367\213\364\146\016}{}% 10
\BOOKMARK [1][-]{section.5}{\376\377\145\160\143\156\117\247\121\231}{}% 11
\BOOKMARK [2][-]{subsection.5.1}{\376\377\121\155\131\047\124\301\174\173\205\054\203\334\166\204\124\301\171\315\116\060\133\314\136\246}{section.5}% 12
\BOOKMARK [2][-]{subsection.5.2}{\376\377\121\155\131\047\124\301\174\173\205\054\203\334\133\143\136\246\136\163\127\107\225\000\125\056\221\317}{section.5}% 13
\BOOKMARK [2][-]{subsection.5.3}{\376\377\121\155\131\047\124\301\174\173\205\054\203\334\143\137\200\027\163\207}{section.5}% 14
\BOOKMARK [1][-]{section.6}{\376\377\225\356\230\230\116\000\152\041\127\213\166\204\136\372\172\313\116\016\154\102\211\343}{}% 15
\BOOKMARK [2][-]{subsection.6.1}{\376\377\145\160\143\156\230\204\131\004\164\006}{section.6}% 16
\BOOKMARK [2][-]{subsection.6.2}{\376\377\173\054\116\000\225\356\377\032\220\032\217\307\143\317\217\360\176\337\213\241\122\006\147\220\122\006\136\003\211\304\137\213}{section.6}% 17
\BOOKMARK [2][-]{subsection.6.3}{\376\377\173\054\116\214\225\356\377\032\136\372\172\313\152\041\127\213\122\044\145\255\121\163\200\124\121\163\174\373}{section.6}% 18
\BOOKMARK [1][-]{section.7}{\376\377\225\356\230\230\116\214\152\041\127\213\166\204\136\372\172\313\116\016\154\102\211\343}{}% 19
\BOOKMARK [2][-]{subsection.7.1}{\376\377\173\054\116\000\225\356\377\032\225\000\125\056\140\073\221\317\116\016\142\020\147\054\122\240\142\020\133\232\116\367\166\204\121\163\174\373}{section.7}% 20
\BOOKMARK [2][-]{subsection.7.2}{\376\377\173\054\116\214\225\356\377\032\117\030\123\026\152\041\127\213\122\066\133\232\210\145\215\047\124\214\133\232\116\367\173\126\165\145}{section.7}% 21
\BOOKMARK [1][-]{section.8}{\376\377\225\356\230\230\116\011\152\041\127\213\166\204\136\372\172\313\116\016\154\102\211\343}{}% 22
\BOOKMARK [1][-]{section.9}{\376\377\225\356\230\230\126\333\152\041\127\213\166\204\136\372\172\313\116\016\154\102\211\343}{}% 23
\BOOKMARK [1][-]{section.10}{\376\377\152\041\127\213\166\204\213\304\116\367\116\016\143\250\136\177}{}% 24
\BOOKMARK [2][-]{subsection.10.1}{\376\377\152\041\127\213\166\204\117\030\160\271}{section.10}% 25
\BOOKMARK [2][-]{subsection.10.2}{\376\377\152\041\127\213\166\204\177\072\160\271}{section.10}% 26
\BOOKMARK [2][-]{subsection.10.3}{\376\377\152\041\127\213\166\204\143\250\136\177}{section.10}% 27
\BOOKMARK [1][-]{section.11}{\376\377\123\302\200\003\145\207\163\056}{}% 28
\BOOKMARK [1][-]{section.12}{\376\377\226\104\137\125}{}% 29
\BOOKMARK [2][-]{subsection.12.1}{\376\377\145\057\144\221\147\120\145\231\145\207\116\366\122\027\210\150}{section.12}% 30
\BOOKMARK [2][-]{subsection.12.2}{\376\377\123\125\124\301\200\132\174\173\176\323\147\234\377\010\133\214\145\164\377\011}{section.12}% 31
\BOOKMARK [2][-]{subsection.12.3}{\376\377\150\070\137\303\116\343\170\001}{section.12}% 32
\BOOKMARK [2][-]{subsection.12.4}{\376\377\123\125\124\301\205\054\203\334\153\317\145\345\142\171\123\321\123\125\116\367\116\016\143\137\200\027\163\207\210\150}{section.12}% 33
\BOOKMARK [2][-]{subsection.12.5}{\376\377\123\125\124\301\205\054\203\334\210\145\215\047\221\317\116\016\133\232\116\367\173\126\165\145}{section.12}% 34
