\BOOKMARK [1][-]{section.1}{\376\377\225\356\230\230\221\315\217\360}{}% 1
\BOOKMARK [2][-]{subsection.1.1}{\376\377\225\356\230\230\200\314\146\157}{section.1}% 2
\BOOKMARK [2][-]{subsection.1.2}{\376\377\225\356\230\230\211\201\154\102}{section.1}% 3
\BOOKMARK [1][-]{section.2}{\376\377\225\356\230\230\122\006\147\220}{}% 4
\BOOKMARK [2][-]{subsection.2.1}{\376\377\225\356\230\230\116\000\166\204\122\006\147\220}{section.2}% 5
\BOOKMARK [2][-]{subsection.2.2}{\376\377\225\356\230\230\116\214\166\204\122\006\147\220}{section.2}% 6
\BOOKMARK [2][-]{subsection.2.3}{\376\377\225\356\230\230\116\011\166\204\122\006\147\220}{section.2}% 7
\BOOKMARK [2][-]{subsection.2.4}{\376\377\225\356\230\230\126\333\166\204\122\006\147\220}{section.2}% 8
\BOOKMARK [1][-]{section.3}{\376\377\152\041\127\213\120\107\213\276}{}% 9
\BOOKMARK [1][-]{section.4}{\376\377\173\046\123\367\213\364\146\016}{}% 10
\BOOKMARK [1][-]{section.5}{\376\377\145\160\143\156\117\247\121\231}{}% 11
\BOOKMARK [2][-]{subsection.5.1}{\376\377\000[\176\364\136\246\116\000\000]}{section.5}% 12
\BOOKMARK [1][-]{section.6}{\376\377\152\041\127\213\166\204\136\372\172\313\116\016\154\102\211\343}{}% 13
\BOOKMARK [2][-]{subsection.6.1}{\376\377\225\356\230\230\116\000\152\041\127\213\166\204\136\372\172\313\116\016\154\102\211\343}{section.6}% 14
\BOOKMARK [3][-]{subsubsection.6.1.1}{\376\377\145\160\143\156\230\204\131\004\164\006}{subsection.6.1}% 15
\BOOKMARK [3][-]{subsubsection.6.1.2}{\376\377\152\041\127\213\136\372\172\313}{subsection.6.1}% 16
\BOOKMARK [3][-]{subsubsection.6.1.3}{\376\377\152\041\127\213\154\102\211\343}{subsection.6.1}% 17
\BOOKMARK [3][-]{subsubsection.6.1.4}{\376\377\176\323\147\234\122\006\147\220}{subsection.6.1}% 18
\BOOKMARK [2][-]{subsection.6.2}{\376\377\225\356\230\230\116\214\152\041\127\213\166\204\136\372\172\313\116\016\154\102\211\343}{section.6}% 19
\BOOKMARK [3][-]{subsubsection.6.2.1}{\376\377\152\041\127\213\136\372\172\313}{subsection.6.2}% 20
\BOOKMARK [3][-]{subsubsection.6.2.2}{\376\377\152\041\127\213\154\102\211\343}{subsection.6.2}% 21
\BOOKMARK [3][-]{subsubsection.6.2.3}{\376\377\176\323\147\234\122\006\147\220}{subsection.6.2}% 22
\BOOKMARK [2][-]{subsection.6.3}{\376\377\225\356\230\230\116\011\152\041\127\213\166\204\136\372\172\313\116\016\154\102\211\343}{section.6}% 23
\BOOKMARK [3][-]{subsubsection.6.3.1}{\376\377\152\041\127\213\136\372\172\313}{subsection.6.3}% 24
\BOOKMARK [3][-]{subsubsection.6.3.2}{\376\377\152\041\127\213\154\102\211\343}{subsection.6.3}% 25
\BOOKMARK [3][-]{subsubsection.6.3.3}{\376\377\176\323\147\234\122\006\147\220}{subsection.6.3}% 26
\BOOKMARK [2][-]{subsection.6.4}{\376\377\225\356\230\230\126\333\152\041\127\213\166\204\136\372\172\313\116\016\154\102\211\343}{section.6}% 27
\BOOKMARK [3][-]{subsubsection.6.4.1}{\376\377\152\041\127\213\136\372\172\313}{subsection.6.4}% 28
\BOOKMARK [3][-]{subsubsection.6.4.2}{\376\377\152\041\127\213\154\102\211\343}{subsection.6.4}% 29
\BOOKMARK [3][-]{subsubsection.6.4.3}{\376\377\176\323\147\234\122\006\147\220}{subsection.6.4}% 30
\BOOKMARK [1][-]{section.7}{\376\377\123\302\200\003\145\207\163\056}{}% 31
\BOOKMARK [1][-]{section.8}{\376\377\152\041\127\213\166\204\213\304\116\367\116\016\143\250\136\177}{}% 32
\BOOKMARK [2][-]{subsection.8.1}{\376\377\152\041\127\213\166\204\117\030\160\271}{section.8}% 33
\BOOKMARK [2][-]{subsection.8.2}{\376\377\152\041\127\213\166\204\177\072\160\271}{section.8}% 34
\BOOKMARK [2][-]{subsection.8.3}{\376\377\152\041\127\213\166\204\143\250\136\177}{section.8}% 35
\BOOKMARK [1][-]{section.9}{\376\377\226\104\137\125}{}% 36
\BOOKMARK [2][-]{subsection.9.1}{\376\377\145\057\144\221\147\120\145\231\145\207\116\366\122\027\210\150}{section.9}% 37
\BOOKMARK [2][-]{subsection.9.2}{\376\377\150\070\137\303\116\343\170\001}{section.9}% 38
