\BOOKMARK [1][-]{section.1}{\376\377\225\356\230\230\221\315\217\360}{}% 1
\BOOKMARK [2][-]{subsection.1.1}{\376\377\225\356\230\230\200\314\146\157}{section.1}% 2
\BOOKMARK [2][-]{subsection.1.2}{\376\377\225\356\230\230\221\315\217\360}{section.1}% 3
\BOOKMARK [1][-]{section.2}{\376\377\225\356\230\230\122\006\147\220}{}% 4
\BOOKMARK [2][-]{subsection.2.1}{\376\377\225\356\230\230\0001\166\204\122\006\147\220}{section.2}% 5
\BOOKMARK [2][-]{subsection.2.2}{\376\377\225\356\230\230\0002\166\204\122\006\147\220}{section.2}% 6
\BOOKMARK [2][-]{subsection.2.3}{\376\377\225\356\230\230\0003\166\204\122\006\147\220}{section.2}% 7
\BOOKMARK [1][-]{section.3}{\376\377\152\041\127\213\120\107\213\276}{}% 8
\BOOKMARK [1][-]{section.4}{\376\377\173\046\123\367\213\364\146\016}{}% 9
\BOOKMARK [1][-]{section.5}{\376\377\152\041\127\213\166\204\136\372\172\313\116\016\154\102\211\343}{}% 10
\BOOKMARK [2][-]{subsection.5.1}{\376\377\145\160\143\156\230\204\131\004\164\006}{section.5}% 11
\BOOKMARK [2][-]{subsection.5.2}{\376\377\225\356\230\230\0001\377\032\170\156\133\232\140\047\147\000\117\030\171\315\151\015\152\041\127\213}{section.5}% 12
\BOOKMARK [3][-]{subsubsection.5.2.1}{\376\377\121\263\173\126\123\330\221\317}{subsection.5.2}% 13
\BOOKMARK [3][-]{subsubsection.5.2.2}{\376\377\166\356\150\007\121\375\145\160}{subsection.5.2}% 14
\BOOKMARK [3][-]{subsubsection.5.2.3}{\376\377\176\246\147\137\117\123\174\373}{subsection.5.2}% 15
\BOOKMARK [3][-]{subsubsection.5.2.4}{\376\377\154\102\211\343\173\227\154\325\377\032\121\150\221\317\217\336\176\355\147\103\221\315\135\356\122\006\217\333\123\026}{subsection.5.2}% 16
\BOOKMARK [3][-]{subsubsection.5.2.5}{\376\377\154\102\211\343\176\323\147\234\116\016\122\006\147\220}{subsection.5.2}% 17
\BOOKMARK [2][-]{subsection.5.3}{\376\377\225\356\230\230\0002\377\032\116\015\170\156\133\232\140\047\116\013\166\204\147\037\147\033\145\066\166\312\152\041\127\213}{section.5}% 18
\BOOKMARK [3][-]{subsubsection.5.3.1}{\376\377\116\015\170\156\133\232\140\047\136\372\152\041}{subsection.5.3}% 19
\BOOKMARK [3][-]{subsubsection.5.3.2}{\376\377\147\037\147\033\145\066\166\312\213\241\173\227}{subsection.5.3}% 20
\BOOKMARK [3][-]{subsubsection.5.3.3}{\376\377\154\102\211\343\176\323\147\234\116\016\122\006\147\220}{subsection.5.3}% 21
\BOOKMARK [2][-]{subsection.5.4}{\376\377\225\356\230\230\0003\377\032\166\370\121\163\140\047\147\141\116\366\116\013\166\204\204\231\162\171\123\141\155\033\152\041\142\337\152\041\127\213}{section.5}% 22
\BOOKMARK [3][-]{subsubsection.5.4.1}{\376\377\166\370\121\163\176\323\147\204\136\372\152\041}{subsection.5.4}% 23
\BOOKMARK [3][-]{subsubsection.5.4.2}{\376\377\204\231\162\171\123\141\155\033\152\041\142\337\154\102\211\343}{subsection.5.4}% 24
\BOOKMARK [3][-]{subsubsection.5.4.3}{\376\377\136\164\136\246\145\066\166\312\133\371\153\324}{subsection.5.4}% 25
\BOOKMARK [3][-]{subsubsection.5.4.4}{\376\377\136\164\136\246\145\066\166\312\133\371\153\324}{subsection.5.4}% 26
\BOOKMARK [1][-]{section.6}{\376\377\160\165\145\117\136\246\122\006\147\220}{}% 27
\BOOKMARK [2][-]{subsection.6.1}{\376\377\176\246\147\137\123\357\210\114\140\047\232\214\213\301}{section.6}% 28
\BOOKMARK [2][-]{subsection.6.2}{\376\377\122\006\136\003\172\063\120\145\140\047\122\006\147\220}{section.6}% 29
\BOOKMARK [2][-]{subsection.6.3}{\376\377\160\165\145\117\136\246\122\006\147\220}{section.6}% 30
\BOOKMARK [1][-]{section.7}{\376\377\152\041\127\213\213\304\116\367\116\016\143\250\136\177}{}% 31
\BOOKMARK [2][-]{subsection.7.1}{\376\377\152\041\127\213\117\030\160\271}{section.7}% 32
\BOOKMARK [2][-]{subsection.7.2}{\376\377\152\041\127\213\177\072\160\271}{section.7}% 33
\BOOKMARK [2][-]{subsection.7.3}{\376\377\152\041\127\213\143\250\136\177}{section.7}% 34
\BOOKMARK [1][-]{section*.1}{\376\377\123\302\200\003\145\207\163\056}{}% 35
\BOOKMARK [1][-]{section*.2}{\376\377\226\104\137\125\377\032\133\214\145\164\156\220\172\013\136\217}{}% 36
